// Jest Snapshot v1, https://goo.gl/fbAQLP

exports[`first use proxy 1`] = `"Jennings"`;

exports[`first use tagged template 1`] = `"Jennings"`;
